
> governance-apps@0.1.0 test:e2e:full
> playwright test --project=full --workers=1

[WebServer] (node:85429) Warning: The 'NO_COLOR' env is ignored due to the 'FORCE_COLOR' env being set.
[WebServer] (Use `node --trace-warnings ...` to show where the warning was created)
[WebServer] (node:85432) Warning: The 'NO_COLOR' env is ignored due to the 'FORCE_COLOR' env being set.
[WebServer] (Use `node --trace-warnings ...` to show where the warning was created)
[WebServer] (node:85432) Warning: The 'NO_COLOR' env is ignored due to the 'FORCE_COLOR' env being set.
[WebServer] (Use `node --trace-warnings ...` to show where the warning was created)
[WebServer] ⚠ The "middleware" file convention is deprecated. Please use "proxy" instead. Learn more: https://nextjs.org/docs/messages/middleware-to-proxy
[WebServer] NEXT_PUBLIC_WC_PROJECT_ID is not set.

Running 34 tests using 1 worker

(node:85482) Warning: The 'NO_COLOR' env is ignored due to the 'FORCE_COLOR' env being set.
(Use `node --trace-warnings ...` to show where the warning was created)
(node:85482) Warning: The 'NO_COLOR' env is ignored due to the 'FORCE_COLOR' env being set.
(Use `node --trace-warnings ...` to show where the warning was created)
[WebServer] NEXT_PUBLIC_WC_PROJECT_ID is not set.
[WebServer] [browser] NEXT_PUBLIC_WC_PROJECT_ID is not set. (web3/wagmi.ts:68:11)
  ✓   1 [full] › tests/e2e/full/caps-exhausted.spec.ts:11:5 › disables redeem when caps are exhausted (39.9s)
[WebServer] NEXT_PUBLIC_WC_PROJECT_ID is not set.
[WebServer] [browser] NEXT_PUBLIC_WC_PROJECT_ID is not set. (web3/wagmi.ts:68:11)
[WebServer] (node:85695) Warning: The 'NO_COLOR' env is ignored due to the 'FORCE_COLOR' env being set.
[WebServer] (Use `node --trace-warnings ...` to show where the warning was created)
[WebServer] NEXT_PUBLIC_WC_PROJECT_ID is not set.
[WebServer] [browser] NEXT_PUBLIC_WC_PROJECT_ID is not set. (web3/wagmi.ts:68:11)
[WebServer] (node:85711) Warning: The 'NO_COLOR' env is ignored due to the 'FORCE_COLOR' env being set.
[WebServer] (Use `node --trace-warnings ...` to show where the warning was created)
[WebServer] [browser] NEXT_PUBLIC_WC_PROJECT_ID is not set. (web3/wagmi.ts:68:11)
[WebServer] (node:85712) Warning: The 'NO_COLOR' env is ignored due to the 'FORCE_COLOR' env being set.
[WebServer] (Use `node --trace-warnings ...` to show where the warning was created)
[WebServer] [browser] NEXT_PUBLIC_WC_PROJECT_ID is not set. (web3/wagmi.ts:68:11)
[WebServer] (node:85726) Warning: The 'NO_COLOR' env is ignored due to the 'FORCE_COLOR' env being set.
[WebServer] (Use `node --trace-warnings ...` to show where the warning was created)
[WebServer] [browser] NEXT_PUBLIC_WC_PROJECT_ID is not set. (web3/wagmi.ts:68:11)
[WebServer] (node:85727) Warning: The 'NO_COLOR' env is ignored due to the 'FORCE_COLOR' env being set.
[WebServer] (Use `node --trace-warnings ...` to show where the warning was created)
[WebServer] [browser] NEXT_PUBLIC_WC_PROJECT_ID is not set. (web3/wagmi.ts:68:11)
  ✓   2 [full] › tests/e2e/full/dao-actions.spec.ts:28:5 › keeps the action panel reachable, responsive, and keyboard safe (22.6s)
[WebServer] [browser] NEXT_PUBLIC_WC_PROJECT_ID is not set. (web3/wagmi.ts:68:11)
[WebServer] (node:85765) Warning: The 'NO_COLOR' env is ignored due to the 'FORCE_COLOR' env being set.
[WebServer] (Use `node --trace-warnings ...` to show where the warning was created)
[WebServer] [browser] NEXT_PUBLIC_WC_PROJECT_ID is not set. (web3/wagmi.ts:68:11)
  ✓   3 [full] › tests/e2e/full/dao-actions.spec.ts:113:5 › submits one vote, preserves canonical totals, then indexes the event (12.2s)
[WebServer] [browser] NEXT_PUBLIC_WC_PROJECT_ID is not set. (web3/wagmi.ts:68:11)
[WebServer] (node:85838) Warning: The 'NO_COLOR' env is ignored due to the 'FORCE_COLOR' env being set.
[WebServer] (Use `node --trace-warnings ...` to show where the warning was created)
[WebServer] [browser] NEXT_PUBLIC_WC_PROJECT_ID is not set. (web3/wagmi.ts:68:11)
[WebServer] (node:85839) Warning: The 'NO_COLOR' env is ignored due to the 'FORCE_COLOR' env being set.
[WebServer] (Use `node --trace-warnings ...` to show where the warning was created)
[WebServer] [browser] NEXT_PUBLIC_WC_PROJECT_ID is not set. (web3/wagmi.ts:68:11)
  ✓   4 [full] › tests/e2e/full/dao-actions.spec.ts:156:5 › keeps post-veto participation open and blocks an early veto (12.9s)
[WebServer] [browser] NEXT_PUBLIC_WC_PROJECT_ID is not set. (web3/wagmi.ts:68:11)
[WebServer] (node:85871) Warning: The 'NO_COLOR' env is ignored due to the 'FORCE_COLOR' env being set.
[WebServer] (Use `node --trace-warnings ...` to show where the warning was created)
[WebServer] [browser] NEXT_PUBLIC_WC_PROJECT_ID is not set. (web3/wagmi.ts:68:11)
[WebServer] (node:85885) Warning: The 'NO_COLOR' env is ignored due to the 'FORCE_COLOR' env being set.
[WebServer] (Use `node --trace-warnings ...` to show where the warning was created)
[WebServer] [browser] NEXT_PUBLIC_WC_PROJECT_ID is not set. (web3/wagmi.ts:68:11)
  ✓   5 [full] › tests/e2e/full/dao-actions.spec.ts:171:5 › requires tiered confirmation when immutable content cannot be trusted (13.5s)
[WebServer] [browser] NEXT_PUBLIC_WC_PROJECT_ID is not set. (web3/wagmi.ts:68:11)
[WebServer] (node:85925) Warning: The 'NO_COLOR' env is ignored due to the 'FORCE_COLOR' env being set.
[WebServer] (Use `node --trace-warnings ...` to show where the warning was created)
[WebServer] [browser] NEXT_PUBLIC_WC_PROJECT_ID is not set. (web3/wagmi.ts:68:11)
[WebServer] (node:85932) Warning: The 'NO_COLOR' env is ignored due to the 'FORCE_COLOR' env being set.
[WebServer] (Use `node --trace-warnings ...` to show where the warning was created)
[WebServer] [browser] NEXT_PUBLIC_WC_PROJECT_ID is not set. (web3/wagmi.ts:68:11)
[WebServer] (node:85957) Warning: The 'NO_COLOR' env is ignored due to the 'FORCE_COLOR' env being set.
[WebServer] (Use `node --trace-warnings ...` to show where the warning was created)
[WebServer] [browser] NEXT_PUBLIC_WC_PROJECT_ID is not set. (web3/wagmi.ts:68:11)
[WebServer] (node:85962) Warning: The 'NO_COLOR' env is ignored due to the 'FORCE_COLOR' env being set.
[WebServer] (Use `node --trace-warnings ...` to show where the warning was created)
[WebServer] [browser] NEXT_PUBLIC_WC_PROJECT_ID is not set. (web3/wagmi.ts:68:11)
  ✓   6 [full] › tests/e2e/full/dao-actions.spec.ts:196:5 › shows exact account, timing, and execution guard reasons (24.4s)
[WebServer] [browser] NEXT_PUBLIC_WC_PROJECT_ID is not set. (web3/wagmi.ts:68:11)
[WebServer] (node:86006) Warning: The 'NO_COLOR' env is ignored due to the 'FORCE_COLOR' env being set.
[WebServer] (Use `node --trace-warnings ...` to show where the warning was created)
[WebServer] [browser] NEXT_PUBLIC_WC_PROJECT_ID is not set. (web3/wagmi.ts:68:11)
  ✓   7 [full] › tests/e2e/full/dao-actions.spec.ts:301:7 › retract proposal confirms its effect and indexes separately (11.8s)
[WebServer] [browser] NEXT_PUBLIC_WC_PROJECT_ID is not set. (web3/wagmi.ts:68:11)
[WebServer] (node:86037) Warning: The 'NO_COLOR' env is ignored due to the 'FORCE_COLOR' env being set.
[WebServer] (Use `node --trace-warnings ...` to show where the warning was created)
[WebServer] [browser] NEXT_PUBLIC_WC_PROJECT_ID is not set. (web3/wagmi.ts:68:11)
  ✓   8 [full] › tests/e2e/full/dao-actions.spec.ts:301:7 › flag proposal confirms its effect and indexes separately (11.8s)
[WebServer] [browser] NEXT_PUBLIC_WC_PROJECT_ID is not set. (web3/wagmi.ts:68:11)
[WebServer] (node:86073) Warning: The 'NO_COLOR' env is ignored due to the 'FORCE_COLOR' env being set.
[WebServer] (Use `node --trace-warnings ...` to show where the warning was created)
[WebServer] [browser] NEXT_PUBLIC_WC_PROJECT_ID is not set. (web3/wagmi.ts:68:11)
  ✓   9 [full] › tests/e2e/full/dao-actions.spec.ts:301:7 › veto proposal confirms its effect and indexes separately (11.8s)
[WebServer] [browser] NEXT_PUBLIC_WC_PROJECT_ID is not set. (web3/wagmi.ts:68:11)
[WebServer] (node:86117) Warning: The 'NO_COLOR' env is ignored due to the 'FORCE_COLOR' env being set.
[WebServer] (Use `node --trace-warnings ...` to show where the warning was created)
[WebServer] [browser] NEXT_PUBLIC_WC_PROJECT_ID is not set. (web3/wagmi.ts:68:11)
  ✓  10 [full] › tests/e2e/full/dao-actions.spec.ts:301:7 › execute proposal confirms its effect and indexes separately (11.8s)
[WebServer] [browser] NEXT_PUBLIC_WC_PROJECT_ID is not set. (web3/wagmi.ts:68:11)
[WebServer] (node:86155) Warning: The 'NO_COLOR' env is ignored due to the 'FORCE_COLOR' env being set.
[WebServer] (Use `node --trace-warnings ...` to show where the warning was created)
[WebServer] [browser] NEXT_PUBLIC_WC_PROJECT_ID is not set. (web3/wagmi.ts:68:11)
  ✓  11 [full] › tests/e2e/full/dao-actions.spec.ts:348:7 › keeps vote state unchanged after user-rejected (11.6s)
[WebServer] [browser] NEXT_PUBLIC_WC_PROJECT_ID is not set. (web3/wagmi.ts:68:11)
[WebServer] (node:86198) Warning: The 'NO_COLOR' env is ignored due to the 'FORCE_COLOR' env being set.
[WebServer] (Use `node --trace-warnings ...` to show where the warning was created)
[WebServer] [browser] NEXT_PUBLIC_WC_PROJECT_ID is not set. (web3/wagmi.ts:68:11)
  ✓  12 [full] › tests/e2e/full/dao-actions.spec.ts:348:7 › keeps vote state unchanged after revert (11.6s)
[WebServer] [browser] NEXT_PUBLIC_WC_PROJECT_ID is not set. (web3/wagmi.ts:68:11)
[WebServer] (node:86238) Warning: The 'NO_COLOR' env is ignored due to the 'FORCE_COLOR' env being set.
[WebServer] (Use `node --trace-warnings ...` to show where the warning was created)
[WebServer] [browser] NEXT_PUBLIC_WC_PROJECT_ID is not set. (web3/wagmi.ts:68:11)
  ✓  13 [full] › tests/e2e/full/dao-actions.spec.ts:348:7 › keeps vote state unchanged after network-error (11.2s)
[WebServer] [browser] NEXT_PUBLIC_WC_PROJECT_ID is not set. (web3/wagmi.ts:68:11)
[WebServer] (node:86281) Warning: The 'NO_COLOR' env is ignored due to the 'FORCE_COLOR' env being set.
[WebServer] (Use `node --trace-warnings ...` to show where the warning was created)
[WebServer] [browser] NEXT_PUBLIC_WC_PROJECT_ID is not set. (web3/wagmi.ts:68:11)
[WebServer] NEXT_PUBLIC_WC_PROJECT_ID is not set.
[WebServer] [browser] NEXT_PUBLIC_WC_PROJECT_ID is not set. (web3/wagmi.ts:68:11)
  ✓  14 [full] › tests/e2e/full/dao-mock-uat.spec.ts:145:5 › keeps the deterministic account presentation consistent across shared and DAO routes (17.5s)
[WebServer] [browser] NEXT_PUBLIC_WC_PROJECT_ID is not set. (web3/wagmi.ts:68:11)
[WebServer] [browser] NEXT_PUBLIC_WC_PROJECT_ID is not set. (web3/wagmi.ts:68:11)
  ✓  15 [full] › tests/e2e/full/dao-mock-uat.spec.ts:199:5 › synchronizes read-only E2E wallet truth for connected, disconnected, and wrong-network states (11.1s)
[WebServer] [browser] NEXT_PUBLIC_WC_PROJECT_ID is not set. (web3/wagmi.ts:68:11)
[WebServer] [browser] NEXT_PUBLIC_WC_PROJECT_ID is not set. (web3/wagmi.ts:68:11)
  ✓  16 [full] › tests/e2e/full/dao-mock-uat.spec.ts:241:5 › makes the mobile menu a contained modal for every closure path (6.8s)
[WebServer] NEXT_PUBLIC_WC_PROJECT_ID is not set.
[WebServer] [browser] NEXT_PUBLIC_WC_PROJECT_ID is not set. (web3/wagmi.ts:68:11)
[WebServer] (node:86407) Warning: The 'NO_COLOR' env is ignored due to the 'FORCE_COLOR' env being set.
[WebServer] (Use `node --trace-warnings ...` to show where the warning was created)
[WebServer] [browser] NEXT_PUBLIC_WC_PROJECT_ID is not set. (web3/wagmi.ts:68:11)
[WebServer] (node:86416) Warning: The 'NO_COLOR' env is ignored due to the 'FORCE_COLOR' env being set.
[WebServer] (Use `node --trace-warnings ...` to show where the warning was created)
[WebServer] [browser] NEXT_PUBLIC_WC_PROJECT_ID is not set. (web3/wagmi.ts:68:11)
[WebServer] (node:86427) Warning: The 'NO_COLOR' env is ignored due to the 'FORCE_COLOR' env being set.
[WebServer] (Use `node --trace-warnings ...` to show where the warning was created)
[WebServer] [browser] NEXT_PUBLIC_WC_PROJECT_ID is not set. (web3/wagmi.ts:68:11)
[WebServer] (node:86433) Warning: The 'NO_COLOR' env is ignored due to the 'FORCE_COLOR' env being set.
[WebServer] (Use `node --trace-warnings ...` to show where the warning was created)
[WebServer] [browser] NEXT_PUBLIC_WC_PROJECT_ID is not set. (web3/wagmi.ts:68:11)
[WebServer] (node:86437) Warning: The 'NO_COLOR' env is ignored due to the 'FORCE_COLOR' env being set.
[WebServer] (Use `node --trace-warnings ...` to show where the warning was created)
[WebServer] [browser] NEXT_PUBLIC_WC_PROJECT_ID is not set. (web3/wagmi.ts:68:11)
[WebServer] (node:86450) Warning: The 'NO_COLOR' env is ignored due to the 'FORCE_COLOR' env being set.
[WebServer] (Use `node --trace-warnings ...` to show where the warning was created)
[WebServer] [browser] NEXT_PUBLIC_WC_PROJECT_ID is not set. (web3/wagmi.ts:68:11)
[WebServer] (node:86451) Warning: The 'NO_COLOR' env is ignored due to the 'FORCE_COLOR' env being set.
[WebServer] (Use `node --trace-warnings ...` to show where the warning was created)
[WebServer] [browser] NEXT_PUBLIC_WC_PROJECT_ID is not set. (web3/wagmi.ts:68:11)
[WebServer] (node:86456) Warning: The 'NO_COLOR' env is ignored due to the 'FORCE_COLOR' env being set.
[WebServer] (Use `node --trace-warnings ...` to show where the warning was created)
[WebServer] [browser] NEXT_PUBLIC_WC_PROJECT_ID is not set. (web3/wagmi.ts:68:11)
[WebServer] (node:86465) Warning: The 'NO_COLOR' env is ignored due to the 'FORCE_COLOR' env being set.
[WebServer] (Use `node --trace-warnings ...` to show where the warning was created)
[WebServer] [browser] NEXT_PUBLIC_WC_PROJECT_ID is not set. (web3/wagmi.ts:68:11)
[WebServer] (node:86468) Warning: The 'NO_COLOR' env is ignored due to the 'FORCE_COLOR' env being set.
[WebServer] (Use `node --trace-warnings ...` to show where the warning was created)
[WebServer] [browser] NEXT_PUBLIC_WC_PROJECT_ID is not set. (web3/wagmi.ts:68:11)
[WebServer] (node:86472) Warning: The 'NO_COLOR' env is ignored due to the 'FORCE_COLOR' env being set.
[WebServer] (Use `node --trace-warnings ...` to show where the warning was created)
[WebServer] [browser] NEXT_PUBLIC_WC_PROJECT_ID is not set. (web3/wagmi.ts:68:11)
  ✓  17 [full] › tests/e2e/full/dao-mock-uat.spec.ts:306:7 › reaches deterministic proposal fixtures 1–11 through the shared bridge (29.1s)
[WebServer] [browser] NEXT_PUBLIC_WC_PROJECT_ID is not set. (web3/wagmi.ts:68:11)
[WebServer] (node:86506) Warning: The 'NO_COLOR' env is ignored due to the 'FORCE_COLOR' env being set.
[WebServer] (Use `node --trace-warnings ...` to show where the warning was created)
[WebServer] [browser] NEXT_PUBLIC_WC_PROJECT_ID is not set. (web3/wagmi.ts:68:11)
[WebServer] (node:86517) Warning: The 'NO_COLOR' env is ignored due to the 'FORCE_COLOR' env being set.
[WebServer] (Use `node --trace-warnings ...` to show where the warning was created)
[WebServer] [browser] NEXT_PUBLIC_WC_PROJECT_ID is not set. (web3/wagmi.ts:68:11)
[WebServer] (node:86523) Warning: The 'NO_COLOR' env is ignored due to the 'FORCE_COLOR' env being set.
[WebServer] (Use `node --trace-warnings ...` to show where the warning was created)
[WebServer] [browser] NEXT_PUBLIC_WC_PROJECT_ID is not set. (web3/wagmi.ts:68:11)
[WebServer] (node:86529) Warning: The 'NO_COLOR' env is ignored due to the 'FORCE_COLOR' env being set.
[WebServer] (Use `node --trace-warnings ...` to show where the warning was created)
[WebServer] [browser] NEXT_PUBLIC_WC_PROJECT_ID is not set. (web3/wagmi.ts:68:11)
[WebServer] (node:86535) Warning: The 'NO_COLOR' env is ignored due to the 'FORCE_COLOR' env being set.
[WebServer] (Use `node --trace-warnings ...` to show where the warning was created)
[WebServer] [browser] NEXT_PUBLIC_WC_PROJECT_ID is not set. (web3/wagmi.ts:68:11)
[WebServer] (node:86539) Warning: The 'NO_COLOR' env is ignored due to the 'FORCE_COLOR' env being set.
[WebServer] (Use `node --trace-warnings ...` to show where the warning was created)
[WebServer] [browser] NEXT_PUBLIC_WC_PROJECT_ID is not set. (web3/wagmi.ts:68:11)
[WebServer] (node:86545) Warning: The 'NO_COLOR' env is ignored due to the 'FORCE_COLOR' env being set.
[WebServer] (Use `node --trace-warnings ...` to show where the warning was created)
[WebServer] [browser] NEXT_PUBLIC_WC_PROJECT_ID is not set. (web3/wagmi.ts:68:11)
[WebServer] (node:86551) Warning: The 'NO_COLOR' env is ignored due to the 'FORCE_COLOR' env being set.
[WebServer] (Use `node --trace-warnings ...` to show where the warning was created)
[WebServer] [browser] NEXT_PUBLIC_WC_PROJECT_ID is not set. (web3/wagmi.ts:68:11)
[WebServer] (node:86554) Warning: The 'NO_COLOR' env is ignored due to the 'FORCE_COLOR' env being set.
[WebServer] (Use `node --trace-warnings ...` to show where the warning was created)
[WebServer] [browser] NEXT_PUBLIC_WC_PROJECT_ID is not set. (web3/wagmi.ts:68:11)
[WebServer] (node:86562) Warning: The 'NO_COLOR' env is ignored due to the 'FORCE_COLOR' env being set.
[WebServer] (Use `node --trace-warnings ...` to show where the warning was created)
[WebServer] [browser] NEXT_PUBLIC_WC_PROJECT_ID is not set. (web3/wagmi.ts:68:11)
[WebServer] (node:86568) Warning: The 'NO_COLOR' env is ignored due to the 'FORCE_COLOR' env being set.
[WebServer] (Use `node --trace-warnings ...` to show where the warning was created)
[WebServer] [browser] NEXT_PUBLIC_WC_PROJECT_ID is not set. (web3/wagmi.ts:68:11)
  ✓  18 [full] › tests/e2e/full/dao-mock-uat.spec.ts:306:7 › reaches deterministic proposal fixtures 12–22 through the shared bridge (28.8s)
[WebServer] [browser] NEXT_PUBLIC_WC_PROJECT_ID is not set. (web3/wagmi.ts:68:11)
  ✓  19 [full] › tests/e2e/full/dao-mock-uat.spec.ts:377:5 › reaches the non-visual proposal capacity fixture through the shared bridge (17.3s)
[WebServer] [browser] NEXT_PUBLIC_WC_PROJECT_ID is not set. (web3/wagmi.ts:68:11)
[WebServer] (node:86642) Warning: The 'NO_COLOR' env is ignored due to the 'FORCE_COLOR' env being set.
[WebServer] (Use `node --trace-warnings ...` to show where the warning was created)
[WebServer] [browser] NEXT_PUBLIC_WC_PROJECT_ID is not set. (web3/wagmi.ts:68:11)
[WebServer] [browser] NEXT_PUBLIC_WC_PROJECT_ID is not set. (web3/wagmi.ts:68:11)
  ✓  20 [full] › tests/e2e/full/dao-mock-uat.spec.ts:433:5 › keeps core review and authoring surfaces contained with a 200% root font size (5.3s)
[WebServer] (node:86660) Warning: The 'NO_COLOR' env is ignored due to the 'FORCE_COLOR' env being set.
[WebServer] (Use `node --trace-warnings ...` to show where the warning was created)
[WebServer] [browser] NEXT_PUBLIC_WC_PROJECT_ID is not set. (web3/wagmi.ts:68:11)
[WebServer] (node:86684) Warning: The 'NO_COLOR' env is ignored due to the 'FORCE_COLOR' env being set.
[WebServer] (Use `node --trace-warnings ...` to show where the warning was created)
[WebServer] [browser] NEXT_PUBLIC_WC_PROJECT_ID is not set. (web3/wagmi.ts:68:11)
[WebServer] (node:86690) Warning: The 'NO_COLOR' env is ignored due to the 'FORCE_COLOR' env being set.
[WebServer] (Use `node --trace-warnings ...` to show where the warning was created)
[WebServer] [browser] NEXT_PUBLIC_WC_PROJECT_ID is not set. (web3/wagmi.ts:68:11)
[WebServer] (node:86695) Warning: The 'NO_COLOR' env is ignored due to the 'FORCE_COLOR' env being set.
[WebServer] (Use `node --trace-warnings ...` to show where the warning was created)
[WebServer] [browser] NEXT_PUBLIC_WC_PROJECT_ID is not set. (web3/wagmi.ts:68:11)
[WebServer] [browser] NEXT_PUBLIC_WC_PROJECT_ID is not set. (web3/wagmi.ts:68:11)
[WebServer] (node:86708) Warning: The 'NO_COLOR' env is ignored due to the 'FORCE_COLOR' env being set.
[WebServer] (Use `node --trace-warnings ...` to show where the warning was created)
[WebServer] [browser] NEXT_PUBLIC_WC_PROJECT_ID is not set. (web3/wagmi.ts:68:11)
[WebServer] (node:86712) Warning: The 'NO_COLOR' env is ignored due to the 'FORCE_COLOR' env being set.
[WebServer] (Use `node --trace-warnings ...` to show where the warning was created)
[WebServer] [browser] NEXT_PUBLIC_WC_PROJECT_ID is not set. (web3/wagmi.ts:68:11)
[WebServer] [browser] NEXT_PUBLIC_WC_PROJECT_ID is not set. (web3/wagmi.ts:68:11)
[WebServer] (node:86727) Warning: The 'NO_COLOR' env is ignored due to the 'FORCE_COLOR' env being set.
[WebServer] (Use `node --trace-warnings ...` to show where the warning was created)
[WebServer] [browser] NEXT_PUBLIC_WC_PROJECT_ID is not set. (web3/wagmi.ts:68:11)
[WebServer] (node:86736) Warning: The 'NO_COLOR' env is ignored due to the 'FORCE_COLOR' env being set.
[WebServer] (Use `node --trace-warnings ...` to show where the warning was created)
[WebServer] [browser] NEXT_PUBLIC_WC_PROJECT_ID is not set. (web3/wagmi.ts:68:11)
[WebServer] (node:86739) Warning: The 'NO_COLOR' env is ignored due to the 'FORCE_COLOR' env being set.
[WebServer] (Use `node --trace-warnings ...` to show where the warning was created)
[WebServer] [browser] NEXT_PUBLIC_WC_PROJECT_ID is not set. (web3/wagmi.ts:68:11)
[WebServer] (node:86743) Warning: The 'NO_COLOR' env is ignored due to the 'FORCE_COLOR' env being set.
[WebServer] (Use `node --trace-warnings ...` to show where the warning was created)
[WebServer] [browser] NEXT_PUBLIC_WC_PROJECT_ID is not set. (web3/wagmi.ts:68:11)
[WebServer] [browser] NEXT_PUBLIC_WC_PROJECT_ID is not set. (web3/wagmi.ts:68:11)
[WebServer] (node:86755) Warning: The 'NO_COLOR' env is ignored due to the 'FORCE_COLOR' env being set.
[WebServer] (Use `node --trace-warnings ...` to show where the warning was created)
[WebServer] [browser] NEXT_PUBLIC_WC_PROJECT_ID is not set. (web3/wagmi.ts:68:11)
[WebServer] (node:86766) Warning: The 'NO_COLOR' env is ignored due to the 'FORCE_COLOR' env being set.
[WebServer] (Use `node --trace-warnings ...` to show where the warning was created)
[WebServer] [browser] NEXT_PUBLIC_WC_PROJECT_ID is not set. (web3/wagmi.ts:68:11)
[WebServer] [browser] NEXT_PUBLIC_WC_PROJECT_ID is not set. (web3/wagmi.ts:68:11)
  ✓  21 [full] › tests/e2e/full/dao-mock-uat.spec.ts:449:5 › keeps DAO status, purpose, and feedback text at AA contrast in both themes (38.0s)
[WebServer] [browser] NEXT_PUBLIC_WC_PROJECT_ID is not set. (web3/wagmi.ts:68:11)
[WebServer] [browser] NEXT_PUBLIC_WC_PROJECT_ID is not set. (web3/wagmi.ts:68:11)
[WebServer] [browser] NEXT_PUBLIC_WC_PROJECT_ID is not set. (web3/wagmi.ts:68:11)
[WebServer] [browser] NEXT_PUBLIC_WC_PROJECT_ID is not set. (web3/wagmi.ts:68:11)
[WebServer] [browser] NEXT_PUBLIC_WC_PROJECT_ID is not set. (web3/wagmi.ts:68:11)
  ✓  22 [full] › tests/e2e/full/dao-proposal-read.spec.ts:24:5 › scans and filters the proposal board at every review viewport (17.0s)
[WebServer] [browser] NEXT_PUBLIC_WC_PROJECT_ID is not set. (web3/wagmi.ts:68:11)
[WebServer] [browser] NEXT_PUBLIC_WC_PROJECT_ID is not set. (web3/wagmi.ts:68:11)
[WebServer] (node:86879) Warning: The 'NO_COLOR' env is ignored due to the 'FORCE_COLOR' env being set.
[WebServer] (Use `node --trace-warnings ...` to show where the warning was created)
[WebServer] (node:86890) Warning: The 'NO_COLOR' env is ignored due to the 'FORCE_COLOR' env being set.
[WebServer] (Use `node --trace-warnings ...` to show where the warning was created)
  ✓  23 [full] › tests/e2e/full/dao-proposal-read.spec.ts:60:5 › presents proposal #19 execution integrity first on board and detail (14.2s)
[WebServer] [browser] NEXT_PUBLIC_WC_PROJECT_ID is not set. (web3/wagmi.ts:68:11)
[WebServer] [browser] NEXT_PUBLIC_WC_PROJECT_ID is not set. (web3/wagmi.ts:68:11)
[WebServer] [browser] NEXT_PUBLIC_WC_PROJECT_ID is not set. (web3/wagmi.ts:68:11)
  ✓  24 [full] › tests/e2e/full/dao-proposal-read.spec.ts:95:5 › supports keyboard filters and reduced motion (11.3s)
[WebServer] [browser] NEXT_PUBLIC_WC_PROJECT_ID is not set. (web3/wagmi.ts:68:11)
[WebServer] [browser] NEXT_PUBLIC_WC_PROJECT_ID is not set. (web3/wagmi.ts:68:11)
[WebServer] [browser] NEXT_PUBLIC_WC_PROJECT_ID is not set. (web3/wagmi.ts:68:11)
[WebServer] [browser] NEXT_PUBLIC_WC_PROJECT_ID is not set. (web3/wagmi.ts:68:11)
[WebServer] [browser] NEXT_PUBLIC_WC_PROJECT_ID is not set. (web3/wagmi.ts:68:11)
  ✓  25 [full] › tests/e2e/full/dao-proposal-read.spec.ts:112:5 › offers responsive keyboard shortcuts when Active has no proposals (1.2m)
[WebServer] [browser] NEXT_PUBLIC_WC_PROJECT_ID is not set. (web3/wagmi.ts:68:11)
[WebServer] [browser] NEXT_PUBLIC_WC_PROJECT_ID is not set. (web3/wagmi.ts:68:11)
  ✓  26 [full] › tests/e2e/full/dao-proposal-read.spec.ts:163:5 › keeps the last-good board visible while preserving outage semantics (10.7s)
[WebServer] [browser] NEXT_PUBLIC_WC_PROJECT_ID is not set. (web3/wagmi.ts:68:11)
[WebServer] [browser] NEXT_PUBLIC_WC_PROJECT_ID is not set. (web3/wagmi.ts:68:11)
  ✓  27 [full] › tests/e2e/full/dao-proposal-read.spec.ts:199:5 › keeps a synthetic cold error distinct from a last-good outage (10.8s)
[WebServer] [browser] NEXT_PUBLIC_WC_PROJECT_ID is not set. (web3/wagmi.ts:68:11)
[WebServer] (node:87284) Warning: The 'NO_COLOR' env is ignored due to the 'FORCE_COLOR' env being set.
[WebServer] (Use `node --trace-warnings ...` to show where the warning was created)
[WebServer] [browser] NEXT_PUBLIC_WC_PROJECT_ID is not set. (web3/wagmi.ts:68:11)
  ✓  28 [full] › tests/e2e/full/dao-proposal-read.spec.ts:219:5 › does not retain a found detail outside the surfaced feed snapshot (10.9s)
[WebServer] [browser] NEXT_PUBLIC_WC_PROJECT_ID is not set. (web3/wagmi.ts:68:11)
[WebServer] (node:87331) Warning: The 'NO_COLOR' env is ignored due to the 'FORCE_COLOR' env being set.
[WebServer] (Use `node --trace-warnings ...` to show where the warning was created)
[WebServer] [browser] NEXT_PUBLIC_WC_PROJECT_ID is not set. (web3/wagmi.ts:68:11)
[WebServer] (node:87340) Warning: The 'NO_COLOR' env is ignored due to the 'FORCE_COLOR' env being set.
[WebServer] (Use `node --trace-warnings ...` to show where the warning was created)
[WebServer] [browser] NEXT_PUBLIC_WC_PROJECT_ID is not set. (web3/wagmi.ts:68:11)
[WebServer] (node:87363) Warning: The 'NO_COLOR' env is ignored due to the 'FORCE_COLOR' env being set.
[WebServer] (Use `node --trace-warnings ...` to show where the warning was created)
[WebServer] [browser] NEXT_PUBLIC_WC_PROJECT_ID is not set. (web3/wagmi.ts:68:11)
[WebServer] (node:87367) Warning: The 'NO_COLOR' env is ignored due to the 'FORCE_COLOR' env being set.
[WebServer] (Use `node --trace-warnings ...` to show where the warning was created)
[WebServer] [browser] NEXT_PUBLIC_WC_PROJECT_ID is not set. (web3/wagmi.ts:68:11)
  ✓  29 [full] › tests/e2e/full/dao-proposal-read.spec.ts:241:5 › contains proposed script and technical values at every review viewport (17.7s)
[WebServer] [browser] NEXT_PUBLIC_WC_PROJECT_ID is not set. (web3/wagmi.ts:68:11)
[WebServer] (node:87400) Warning: The 'NO_COLOR' env is ignored due to the 'FORCE_COLOR' env being set.
[WebServer] (Use `node --trace-warnings ...` to show where the warning was created)
[WebServer] [browser] NEXT_PUBLIC_WC_PROJECT_ID is not set. (web3/wagmi.ts:68:11)
  ✓  30 [full] › tests/e2e/full/dao-proposal-read.spec.ts:315:5 › keeps technical address copy controls visible for coarse pointers (10.9s)
[WebServer] [browser] NEXT_PUBLIC_WC_PROJECT_ID is not set. (web3/wagmi.ts:68:11)
[WebServer] (node:87442) Warning: The 'NO_COLOR' env is ignored due to the 'FORCE_COLOR' env being set.
[WebServer] (Use `node --trace-warnings ...` to show where the warning was created)
[WebServer] [browser] NEXT_PUBLIC_WC_PROJECT_ID is not set. (web3/wagmi.ts:68:11)
[WebServer] (node:87449) Warning: The 'NO_COLOR' env is ignored due to the 'FORCE_COLOR' env being set.
[WebServer] (Use `node --trace-warnings ...` to show where the warning was created)
[WebServer] [browser] NEXT_PUBLIC_WC_PROJECT_ID is not set. (web3/wagmi.ts:68:11)
[WebServer] (node:87454) Warning: The 'NO_COLOR' env is ignored due to the 'FORCE_COLOR' env being set.
[WebServer] (Use `node --trace-warnings ...` to show where the warning was created)
[WebServer] [browser] NEXT_PUBLIC_WC_PROJECT_ID is not set. (web3/wagmi.ts:68:11)
[WebServer] (node:87460) Warning: The 'NO_COLOR' env is ignored due to the 'FORCE_COLOR' env being set.
[WebServer] (Use `node --trace-warnings ...` to show where the warning was created)
[WebServer] [browser] NEXT_PUBLIC_WC_PROJECT_ID is not set. (web3/wagmi.ts:68:11)
[WebServer] (node:87469) Warning: The 'NO_COLOR' env is ignored due to the 'FORCE_COLOR' env being set.
[WebServer] (Use `node --trace-warnings ...` to show where the warning was created)
[WebServer] [browser] NEXT_PUBLIC_WC_PROJECT_ID is not set. (web3/wagmi.ts:68:11)
[WebServer] (node:87478) Warning: The 'NO_COLOR' env is ignored due to the 'FORCE_COLOR' env being set.
[WebServer] (Use `node --trace-warnings ...` to show where the warning was created)
[WebServer] [browser] NEXT_PUBLIC_WC_PROJECT_ID is not set. (web3/wagmi.ts:68:11)
[WebServer] (node:87489) Warning: The 'NO_COLOR' env is ignored due to the 'FORCE_COLOR' env being set.
[WebServer] (Use `node --trace-warnings ...` to show where the warning was created)
[WebServer] [browser] NEXT_PUBLIC_WC_PROJECT_ID is not set. (web3/wagmi.ts:68:11)
[WebServer] (node:87501) Warning: The 'NO_COLOR' env is ignored due to the 'FORCE_COLOR' env being set.
[WebServer] (Use `node --trace-warnings ...` to show where the warning was created)
[WebServer] [browser] NEXT_PUBLIC_WC_PROJECT_ID is not set. (web3/wagmi.ts:68:11)
[WebServer] (node:87502) Warning: The 'NO_COLOR' env is ignored due to the 'FORCE_COLOR' env being set.
[WebServer] (Use `node --trace-warnings ...` to show where the warning was created)
[WebServer] [browser] NEXT_PUBLIC_WC_PROJECT_ID is not set. (web3/wagmi.ts:68:11)
[WebServer] (node:87513) Warning: The 'NO_COLOR' env is ignored due to the 'FORCE_COLOR' env being set.
[WebServer] (Use `node --trace-warnings ...` to show where the warning was created)
[WebServer] [browser] NEXT_PUBLIC_WC_PROJECT_ID is not set. (web3/wagmi.ts:68:11)
[WebServer] (node:87517) Warning: The 'NO_COLOR' env is ignored due to the 'FORCE_COLOR' env being set.
[WebServer] (Use `node --trace-warnings ...` to show where the warning was created)
[WebServer] [browser] NEXT_PUBLIC_WC_PROJECT_ID is not set. (web3/wagmi.ts:68:11)
[WebServer] (node:87523) Warning: The 'NO_COLOR' env is ignored due to the 'FORCE_COLOR' env being set.
[WebServer] (Use `node --trace-warnings ...` to show where the warning was created)
[WebServer] [browser] NEXT_PUBLIC_WC_PROJECT_ID is not set. (web3/wagmi.ts:68:11)
[WebServer] (node:87531) Warning: The 'NO_COLOR' env is ignored due to the 'FORCE_COLOR' env being set.
[WebServer] (Use `node --trace-warnings ...` to show where the warning was created)
[WebServer] [browser] NEXT_PUBLIC_WC_PROJECT_ID is not set. (web3/wagmi.ts:68:11)
[WebServer] (node:87536) Warning: The 'NO_COLOR' env is ignored due to the 'FORCE_COLOR' env being set.
[WebServer] (Use `node --trace-warnings ...` to show where the warning was created)
[WebServer] [browser] NEXT_PUBLIC_WC_PROJECT_ID is not set. (web3/wagmi.ts:68:11)
[WebServer] (node:87542) Warning: The 'NO_COLOR' env is ignored due to the 'FORCE_COLOR' env being set.
[WebServer] (Use `node --trace-warnings ...` to show where the warning was created)
[WebServer] [browser] NEXT_PUBLIC_WC_PROJECT_ID is not set. (web3/wagmi.ts:68:11)
  ✓  31 [full] › tests/e2e/full/dao-proposal-read.spec.ts:357:5 › renders every terminal fixture with explicit status and vote rule copy (36.0s)
[WebServer] [browser] NEXT_PUBLIC_WC_PROJECT_ID is not set. (web3/wagmi.ts:68:11)
[WebServer] (node:87580) Warning: The 'NO_COLOR' env is ignored due to the 'FORCE_COLOR' env being set.
[WebServer] (Use `node --trace-warnings ...` to show where the warning was created)
[WebServer] [browser] NEXT_PUBLIC_WC_PROJECT_ID is not set. (web3/wagmi.ts:68:11)
[WebServer] (node:87586) Warning: The 'NO_COLOR' env is ignored due to the 'FORCE_COLOR' env being set.
[WebServer] (Use `node --trace-warnings ...` to show where the warning was created)
[WebServer] [browser] NEXT_PUBLIC_WC_PROJECT_ID is not set. (web3/wagmi.ts:68:11)
[WebServer] (node:87590) Warning: The 'NO_COLOR' env is ignored due to the 'FORCE_COLOR' env being set.
[WebServer] (Use `node --trace-warnings ...` to show where the warning was created)
[WebServer] [browser] NEXT_PUBLIC_WC_PROJECT_ID is not set. (web3/wagmi.ts:68:11)
[WebServer] (node:87596) Warning: The 'NO_COLOR' env is ignored due to the 'FORCE_COLOR' env being set.
[WebServer] (Use `node --trace-warnings ...` to show where the warning was created)
[WebServer] [browser] NEXT_PUBLIC_WC_PROJECT_ID is not set. (web3/wagmi.ts:68:11)
[WebServer] (node:87602) Warning: The 'NO_COLOR' env is ignored due to the 'FORCE_COLOR' env being set.
[WebServer] (Use `node --trace-warnings ...` to show where the warning was created)
[WebServer] [browser] NEXT_PUBLIC_WC_PROJECT_ID is not set. (web3/wagmi.ts:68:11)
[WebServer] (node:87607) Warning: The 'NO_COLOR' env is ignored due to the 'FORCE_COLOR' env being set.
[WebServer] (Use `node --trace-warnings ...` to show where the warning was created)
[WebServer] [browser] NEXT_PUBLIC_WC_PROJECT_ID is not set. (web3/wagmi.ts:68:11)
  ✓  32 [full] › tests/e2e/full/dao-proposal-read.spec.ts:425:5 › keeps onchain records and trust failures explicit (19.3s)
[WebServer] [browser] NEXT_PUBLIC_WC_PROJECT_ID is not set. (web3/wagmi.ts:68:11)
[WebServer] (node:87639) Warning: The 'NO_COLOR' env is ignored due to the 'FORCE_COLOR' env being set.
[WebServer] (Use `node --trace-warnings ...` to show where the warning was created)
[WebServer] [browser] NEXT_PUBLIC_WC_PROJECT_ID is not set. (web3/wagmi.ts:68:11)
  ✓  33 [full] › tests/e2e/full/dao-proposal-read.spec.ts:470:5 › contains long immutable Markdown at 200% text scaling (10.7s)
[WebServer] [browser] NEXT_PUBLIC_WC_PROJECT_ID is not set. (web3/wagmi.ts:68:11)
[WebServer] (node:87671) Warning: The 'NO_COLOR' env is ignored due to the 'FORCE_COLOR' env being set.
[WebServer] (Use `node --trace-warnings ...` to show where the warning was created)
[WebServer] [browser] NEXT_PUBLIC_WC_PROJECT_ID is not set. (web3/wagmi.ts:68:11)
[WebServer] (node:87682) Warning: The 'NO_COLOR' env is ignored due to the 'FORCE_COLOR' env being set.
[WebServer] (Use `node --trace-warnings ...` to show where the warning was created)
[WebServer] [browser] NEXT_PUBLIC_WC_PROJECT_ID is not set. (web3/wagmi.ts:68:11)
  ✓  34 [full] › tests/e2e/full/dao-proposal-read.spec.ts:500:5 › loads an authenticated attachment only after explicit activation (13.3s)

  34 passed (10.5m)
