
> governance-apps@0.1.0 test
> vitest run


 RUN  v4.1.5 <WORKTREE>

{"level":10,"time":1789569166161,"pid":74106,"hostname":"lerna.local","name":"core","context":"core","msg":"Initialized"}
{"level":10,"time":1789569166163,"pid":74106,"hostname":"lerna.local","name":"core","context":"core","msg":"Initialized"}
{"level":10,"time":1789569166163,"pid":74106,"hostname":"lerna.local","name":"core","context":"core","context":"core/history","msg":"Initialized"}
{"level":10,"time":1789569166163,"pid":74106,"hostname":"lerna.local","name":"core","context":"core","context":"core/history","msg":"Initialized"}
{"level":10,"time":1789569166163,"pid":74106,"hostname":"lerna.local","name":"core","context":"core","context":"core/expirer","msg":"Initialized"}
{"level":10,"time":1789569166163,"pid":74106,"hostname":"lerna.local","name":"core","context":"core","context":"core/expirer","msg":"Initialized"}
{"level":10,"time":1789569166164,"pid":74106,"hostname":"lerna.local","name":"core","context":"core","context":"core/relayer","msg":"Initialized"}
{"level":10,"time":1789569166164,"pid":74106,"hostname":"lerna.local","name":"core","context":"core","context":"core/relayer","context":"core/relayer/messages","msg":"Initialized"}
{"level":10,"time":1789569166164,"pid":74106,"hostname":"lerna.local","name":"core","context":"core","context":"core/relayer","context":"core/relayer/subscription","msg":"Initialized"}
{"level":10,"time":1789569166164,"pid":74106,"hostname":"lerna.local","name":"core","context":"core","context":"core/relayer","msg":"Initialized"}
{"level":10,"time":1789569166164,"pid":74106,"hostname":"lerna.local","name":"core","context":"core","context":"core/relayer","context":"core/relayer/messages","msg":"Initialized"}
{"level":10,"time":1789569166164,"pid":74106,"hostname":"lerna.local","name":"core","context":"core","context":"core/relayer","context":"core/relayer/subscription","msg":"Initialized"}
{"level":20,"time":1789569166164,"pid":74106,"hostname":"lerna.local","name":"core","context":"core","context":"core/relayer","context":"core/relayer/messages","msg":"Successfully Restored records for messages"}
{"level":10,"time":1789569166164,"pid":74106,"hostname":"lerna.local","name":"core","context":"core","context":"core/relayer","context":"core/relayer/messages","type":"method","method":"restore","size":0}
{"level":20,"time":1789569166164,"pid":74106,"hostname":"lerna.local","name":"core","context":"core","context":"core/relayer","context":"core/relayer/messages","msg":"Successfully Restored records for messages"}
{"level":10,"time":1789569166164,"pid":74106,"hostname":"lerna.local","name":"core","context":"core","context":"core/relayer","context":"core/relayer/messages","type":"method","method":"restore","size":0}
{"level":10,"time":1789569166164,"pid":74106,"hostname":"lerna.local","name":"core","context":"core","context":"core/pairing","context":"core/pairing/pairing","msg":"Initialized"}
{"level":10,"time":1789569166164,"pid":74106,"hostname":"lerna.local","name":"core","context":"core","context":"core/pairing","context":"core/pairing/pairing","msg":"Initialized"}
{"level":10,"time":1789569166164,"pid":74106,"hostname":"lerna.local","name":"core","context":"core","context":"core/pairing","msg":"Initialized"}
{"level":10,"time":1789569166164,"pid":74106,"hostname":"lerna.local","name":"core","context":"core","context":"core/pairing","msg":"Initialized"}
{"level":30,"time":1789569166164,"pid":74106,"hostname":"lerna.local","name":"core","context":"core","msg":"Core Initialization Success"}
{"level":30,"time":1789569166164,"pid":74106,"hostname":"lerna.local","name":"core","context":"core","msg":"Core Initialization Success"}
Not implemented: navigation to another Document
Not implemented: navigation to another Document
Not implemented: Window's scrollBy() method

 Test Files  153 passed (153)
      Tests  1392 passed (1392)
   Start at  16:32:40
   Duration  46.21s (transform 18.20s, setup 103.93s, import 113.44s, tests 101.39s, environment 64.01s)
