
> governance-apps@0.1.0 test
> vitest run


 RUN  v4.1.5 <WORKTREE>

Not implemented: navigation to another Document
Not implemented: navigation to another Document
Not implemented: Window's scrollBy() method
{"level":10,"time":1789568528700,"pid":69745,"hostname":"lerna.local","name":"core","context":"core","msg":"Initialized"}
{"level":10,"time":1789568528702,"pid":69745,"hostname":"lerna.local","name":"core","context":"core","msg":"Initialized"}
{"level":10,"time":1789568528702,"pid":69745,"hostname":"lerna.local","name":"core","context":"core","context":"core/history","msg":"Initialized"}
{"level":10,"time":1789568528702,"pid":69745,"hostname":"lerna.local","name":"core","context":"core","context":"core/history","msg":"Initialized"}
{"level":10,"time":1789568528702,"pid":69745,"hostname":"lerna.local","name":"core","context":"core","context":"core/expirer","msg":"Initialized"}
{"level":10,"time":1789568528702,"pid":69745,"hostname":"lerna.local","name":"core","context":"core","context":"core/expirer","msg":"Initialized"}
{"level":10,"time":1789568528702,"pid":69745,"hostname":"lerna.local","name":"core","context":"core","context":"core/relayer","msg":"Initialized"}
{"level":10,"time":1789568528703,"pid":69745,"hostname":"lerna.local","name":"core","context":"core","context":"core/relayer","context":"core/relayer/messages","msg":"Initialized"}
{"level":10,"time":1789568528703,"pid":69745,"hostname":"lerna.local","name":"core","context":"core","context":"core/relayer","context":"core/relayer/subscription","msg":"Initialized"}
{"level":10,"time":1789568528703,"pid":69745,"hostname":"lerna.local","name":"core","context":"core","context":"core/relayer","msg":"Initialized"}
{"level":10,"time":1789568528703,"pid":69745,"hostname":"lerna.local","name":"core","context":"core","context":"core/relayer","context":"core/relayer/messages","msg":"Initialized"}
{"level":10,"time":1789568528703,"pid":69745,"hostname":"lerna.local","name":"core","context":"core","context":"core/relayer","context":"core/relayer/subscription","msg":"Initialized"}
{"level":20,"time":1789568528703,"pid":69745,"hostname":"lerna.local","name":"core","context":"core","context":"core/relayer","context":"core/relayer/messages","msg":"Successfully Restored records for messages"}
{"level":10,"time":1789568528703,"pid":69745,"hostname":"lerna.local","name":"core","context":"core","context":"core/relayer","context":"core/relayer/messages","type":"method","method":"restore","size":0}
{"level":20,"time":1789568528703,"pid":69745,"hostname":"lerna.local","name":"core","context":"core","context":"core/relayer","context":"core/relayer/messages","msg":"Successfully Restored records for messages"}
{"level":10,"time":1789568528703,"pid":69745,"hostname":"lerna.local","name":"core","context":"core","context":"core/relayer","context":"core/relayer/messages","type":"method","method":"restore","size":0}
{"level":10,"time":1789568528704,"pid":69745,"hostname":"lerna.local","name":"core","context":"core","context":"core/pairing","context":"core/pairing/pairing","msg":"Initialized"}
{"level":10,"time":1789568528704,"pid":69745,"hostname":"lerna.local","name":"core","context":"core","context":"core/pairing","context":"core/pairing/pairing","msg":"Initialized"}
{"level":10,"time":1789568528704,"pid":69745,"hostname":"lerna.local","name":"core","context":"core","context":"core/pairing","msg":"Initialized"}
{"level":10,"time":1789568528704,"pid":69745,"hostname":"lerna.local","name":"core","context":"core","context":"core/pairing","msg":"Initialized"}
{"level":30,"time":1789568528704,"pid":69745,"hostname":"lerna.local","name":"core","context":"core","msg":"Core Initialization Success"}
{"level":30,"time":1789568528704,"pid":69745,"hostname":"lerna.local","name":"core","context":"core","msg":"Core Initialization Success"}

 Test Files  152 passed (152)
      Tests  1384 passed (1384)
   Start at  16:21:52
   Duration  29.24s (transform 9.97s, setup 54.65s, import 65.23s, tests 72.45s, environment 38.08s)
