
> governance-apps@0.1.0 test:e2e
> playwright test --project=smoke --workers=1


Running 45 tests using 1 worker

(node:89617) Warning: The 'NO_COLOR' env is ignored due to the 'FORCE_COLOR' env being set.
(Use `node --trace-warnings ...` to show where the warning was created)
(node:89617) Warning: The 'NO_COLOR' env is ignored due to the 'FORCE_COLOR' env being set.
(Use `node --trace-warnings ...` to show where the warning was created)
  ✓   1 [smoke] › tests/e2e/smoke/dao-authoring.spec.ts:18:5 › authors, reviews, publishes, and submits a Signal proposal (11.8s)
  ✓   2 [smoke] › tests/e2e/smoke/dao-authoring.spec.ts:82:5 › authors an executable proposal from the full raw script (11.4s)
  ✓   3 [smoke] › tests/e2e/smoke/dao-authoring.spec.ts:138:5 › keeps the exact review locked and announces asynchronous progress (10.1s)
  ✓   4 [smoke] › tests/e2e/smoke/dao-authoring.spec.ts:257:5 › starts authoring with keyboard focus below the sticky header (30.0s)
  ✓   5 [smoke] › tests/e2e/smoke/dao-authoring.spec.ts:293:5 › shows deterministic forum validation failures without clearing content (11.0s)
  ✓   6 [smoke] › tests/e2e/smoke/dao-authoring.spec.ts:316:5 › preserves the draft and does not start the wallet step after publication failure (10.7s)
  ✓   7 [smoke] › tests/e2e/smoke/dao-authoring.spec.ts:340:5 › keeps publication after every failed typed transaction outcome (24.6s)
  ✓   8 [smoke] › tests/e2e/smoke/dao-authoring.spec.ts:386:5 › uses visible review controls for rejection then retries the same publication to Indexed (14.9s)
  ✓   9 [smoke] › tests/e2e/smoke/dao-authoring.spec.ts:468:5 › renders every mutable proposer blocker and the shared capacity rule (11.5s)
  ✓  10 [smoke] › tests/e2e/smoke/dao-authoring.spec.ts:492:5 › keeps normal eligibility compact while retaining the six-epoch range (10.5s)
  ✓  11 [smoke] › tests/e2e/smoke/dao-shell.spec.ts:18:5 › answers preview DAO HEAD probes without self-proxying (95ms)
  -  12 [smoke] › tests/e2e/smoke/dao-shell.spec.ts:33:5 › fails closed for production DAO requests without a server error
  ✓  13 [smoke] › tests/e2e/smoke/dao-shell.spec.ts:64:5 › renders the DAO proposal board shell (2.2s)
  ✓  14 [smoke] › tests/e2e/smoke/dao-shell.spec.ts:96:5 › links the shared DAO application label home on desktop and mobile (7.3s)
  ✓  15 [smoke] › tests/e2e/smoke/dao-shell.spec.ts:132:5 › wraps the long shared app label at 200% mobile text without clipping (12.5s)
  ✓  16 [smoke] › tests/e2e/smoke/dao-shell.spec.ts:206:5 › preserves the board group through replace, reload, detail, and Back (7.3s)
  ✓  17 [smoke] › tests/e2e/smoke/dao-shell.spec.ts:252:5 › keeps nested row controls independent of the stretched proposal link (3.9s)
  ✓  18 [smoke] › tests/e2e/smoke/dao-shell.spec.ts:280:5 › makes no dead-loopback RPC request while hydrating every DAO route (7.5s)
  ✓  19 [smoke] › tests/e2e/smoke/dao-shell.spec.ts:350:5 › uses clean client-side paths on the guarded DAO beta host (7.5s)
  ✓  20 [smoke] › tests/e2e/smoke/dao-shell.spec.ts:434:5 › exposes the shared DAO debug section without route-local controls (3.5s)
  ✓  21 [smoke] › tests/e2e/smoke/dao-shell.spec.ts:465:5 › moves debug-panel focus and removes its entrance animation for reduced motion (2.2s)
  ✓  22 [smoke] › tests/e2e/smoke/dao-shell.spec.ts:489:5 › uses the typed bridge to mutate DAO facts and refresh infinitely fresh queries (21.1s)
  ✓  23 [smoke] › tests/e2e/smoke/dao-shell.spec.ts:531:5 › renders DAO proposal detail and not-found shells (8.0s)
  ✓  24 [smoke] › tests/e2e/smoke/dao-shell.spec.ts:564:5 › renders the DAO proposal authoring shell without M2 form controls (2.3s)
  ✓  25 [smoke] › tests/e2e/smoke/dao-shell.spec.ts:583:5 › contains every DAO route at 390px (8.3s)
  ✓  26 [smoke] › tests/e2e/smoke/dao-shell.spec.ts:619:5 › wraps an arbitrary-length numeric proposal ID at 390px (2.1s)
  ✓  27 [smoke] › tests/e2e/smoke/dao-shell.spec.ts:632:5 › balances all six preview launcher apps across desktop rows (4.2s)
  ✓  28 [smoke] › tests/e2e/smoke/discoverability.spec.ts:3:5 › publishes canonical metadata and nonce-protected WebSite JSON-LD (9.2s)
  ✓  29 [smoke] › tests/e2e/smoke/discoverability.spec.ts:37:5 › scopes machine-readable discovery files to the approved yearn.fi host (4.0s)
  ✓  30 [smoke] › tests/e2e/smoke/onboarding.spec.ts:4:5 › connects and defaults to stYFIx (9.5s)
  ✓  31 [smoke] › tests/e2e/smoke/styfi-external-portfolio.spec.ts:9:5 › shows external portfolio and opens veYFI in a new tab (27.4s)
  ✓  32 [smoke] › tests/e2e/smoke/styfi-flow.spec.ts:13:5 › stake, cooldown, and withdraw via bridge controls (41.5s)
  ✓  33 [smoke] › tests/e2e/smoke/styfi-governance.spec.ts:17:5 › shows permanent Snapshot Voting navigation and an active vote banner (2.9s)
  ✓  34 [smoke] › tests/e2e/smoke/styfi-governance.spec.ts:51:5 › keeps Snapshot Voting available in the mobile menu without an active vote (2.9s)
  ✓  35 [smoke] › tests/e2e/smoke/teams-shell.spec.ts:12:5 › renders the Team Finances route shell (14.7s)
  ✓  36 [smoke] › tests/e2e/smoke/teams-shell.spec.ts:76:5 › keeps loading and empty coverage reachable through the shared Teams runtime (5.4s)
  ✓  37 [smoke] › tests/e2e/smoke/teams-shell.spec.ts:104:5 › restores deep links and browser history without resetting active sections (12.7s)
  ✓  38 [smoke] › tests/e2e/smoke/teams-shell.spec.ts:232:5 › keeps DAI and USDC labels horizontal in the nested revenue pane (4.2s)
  ✓  39 [smoke] › tests/e2e/smoke/teams-shell.spec.ts:330:5 › contains long deposit-preview words and values at 375px (3.5s)
  ✓  40 [smoke] › tests/e2e/smoke/teams-shell.spec.ts:415:5 › keeps bonus math inside the viewport at 375px (3.4s)
  ✓  41 [smoke] › tests/e2e/smoke/veyfi-flow.spec.ts:13:5 › migrate legacy veYFI and redeem sdYFI (39.5s)
  ✓  42 [smoke] › tests/e2e/smoke/ybc-shell.spec.ts:10:5 › renders the YBC overview and operator panel states (11.6s)
  ✓  43 [smoke] › tests/e2e/smoke/ybc-shell.spec.ts:64:5 › contains YBC identity and timestamp layouts at 360px (11.3s)
  ✓  44 [smoke] › tests/e2e/smoke/ybc-shell.spec.ts:146:7 › touch identity controls › keeps the compact member address as the tap target (9.6s)
  ✓  45 [smoke] › tests/e2e/smoke/yeth-flow.spec.ts:14:5 › claim, stay, redeem, claim-ended, and empty-state flows (1.1m)

  1 skipped
  44 passed (8.8m)
