
> governance-apps@0.1.0 test
> vitest run


 RUN  v4.1.5 <package-worktree>

{"level":10,"time":1789055717078,"pid":2311,"hostname":"lerna.local","name":"core","context":"core","msg":"Initialized"}
{"level":10,"time":1789055717080,"pid":2311,"hostname":"lerna.local","name":"core","context":"core","msg":"Initialized"}
{"level":10,"time":1789055717081,"pid":2311,"hostname":"lerna.local","name":"core","context":"core","context":"core/history","msg":"Initialized"}
{"level":10,"time":1789055717082,"pid":2311,"hostname":"lerna.local","name":"core","context":"core","context":"core/history","msg":"Initialized"}
{"level":10,"time":1789055717082,"pid":2311,"hostname":"lerna.local","name":"core","context":"core","context":"core/expirer","msg":"Initialized"}
{"level":10,"time":1789055717082,"pid":2311,"hostname":"lerna.local","name":"core","context":"core","context":"core/expirer","msg":"Initialized"}
{"level":10,"time":1789055717083,"pid":2311,"hostname":"lerna.local","name":"core","context":"core","context":"core/relayer","msg":"Initialized"}
{"level":10,"time":1789055717083,"pid":2311,"hostname":"lerna.local","name":"core","context":"core","context":"core/relayer","context":"core/relayer/messages","msg":"Initialized"}
{"level":10,"time":1789055717083,"pid":2311,"hostname":"lerna.local","name":"core","context":"core","context":"core/relayer","context":"core/relayer/subscription","msg":"Initialized"}
{"level":10,"time":1789055717083,"pid":2311,"hostname":"lerna.local","name":"core","context":"core","context":"core/relayer","msg":"Initialized"}
{"level":10,"time":1789055717083,"pid":2311,"hostname":"lerna.local","name":"core","context":"core","context":"core/relayer","context":"core/relayer/messages","msg":"Initialized"}
{"level":10,"time":1789055717083,"pid":2311,"hostname":"lerna.local","name":"core","context":"core","context":"core/relayer","context":"core/relayer/subscription","msg":"Initialized"}
{"level":20,"time":1789055717083,"pid":2311,"hostname":"lerna.local","name":"core","context":"core","context":"core/relayer","context":"core/relayer/messages","msg":"Successfully Restored records for messages"}
{"level":10,"time":1789055717083,"pid":2311,"hostname":"lerna.local","name":"core","context":"core","context":"core/relayer","context":"core/relayer/messages","type":"method","method":"restore","size":0}
{"level":20,"time":1789055717083,"pid":2311,"hostname":"lerna.local","name":"core","context":"core","context":"core/relayer","context":"core/relayer/messages","msg":"Successfully Restored records for messages"}
{"level":10,"time":1789055717083,"pid":2311,"hostname":"lerna.local","name":"core","context":"core","context":"core/relayer","context":"core/relayer/messages","type":"method","method":"restore","size":0}
{"level":10,"time":1789055717083,"pid":2311,"hostname":"lerna.local","name":"core","context":"core","context":"core/pairing","context":"core/pairing/pairing","msg":"Initialized"}
{"level":10,"time":1789055717083,"pid":2311,"hostname":"lerna.local","name":"core","context":"core","context":"core/pairing","context":"core/pairing/pairing","msg":"Initialized"}
{"level":10,"time":1789055717083,"pid":2311,"hostname":"lerna.local","name":"core","context":"core","context":"core/pairing","msg":"Initialized"}
{"level":10,"time":1789055717083,"pid":2311,"hostname":"lerna.local","name":"core","context":"core","context":"core/pairing","msg":"Initialized"}
{"level":30,"time":1789055717083,"pid":2311,"hostname":"lerna.local","name":"core","context":"core","msg":"Core Initialization Success"}
{"level":30,"time":1789055717083,"pid":2311,"hostname":"lerna.local","name":"core","context":"core","msg":"Core Initialization Success"}
Not implemented: navigation to another Document
Not implemented: navigation to another Document

 Test Files  148 passed (148)
      Tests  1335 passed (1335)
   Start at  17:55:13
   Duration  29.51s (transform 10.60s, setup 58.39s, import 70.50s, tests 68.58s, environment 43.58s)
